// Vitest Snapshot v1, https://vitest.dev/guide/snapshot.html

exports[`companion route capabilities > records a deliberate decision for every route the API actually registers 1`] = `
{
  "DELETE /care/health-events/sample": "care:write",
  "DELETE /care/items/sample": "care:write",
  "DELETE /observations/by-type/sample": null,
  "DELETE /observations/sample": "observations:write",
  "DELETE /profile/photo": null,
  "DELETE /profiles/sample": null,
  "DELETE /samples/steps": null,
  "DELETE /samples/steps/daily-aggregates": null,
  "DELETE /summary/sample/pin": null,
  "DELETE /summary/sample/reference-range": null,
  "GET /analytics": "assigned-profile:read",
  "GET /analytics/storage": null,
  "GET /biological-age": null,
  "GET /body-trend": "assigned-profile:read",
  "GET /body-trend/sample": "assigned-profile:read",
  "GET /bootstrap": "assigned-profile:read",
  "GET /calendar": "assigned-profile:read",
  "GET /care/health-events": "care:read",
  "GET /care/items": "care:read",
  "GET /companion/sync/deltas": "replica:read",
  "GET /companion/sync/handshake": "replica:read",
  "GET /companion/sync/snapshot": "replica:read",
  "GET /export": null,
  "GET /export/pdf": null,
  "GET /health": null,
  "GET /llm/config": null,
  "GET /pair/devices": null,
  "GET /pair/pending": null,
  "GET /pair/qr": null,
  "GET /pair/status/sample": null,
  "GET /pairing/devices": null,
  "GET /pairing/pending": null,
  "GET /pairing/qr": null,
  "GET /pairing/status/sample": null,
  "GET /profile": null,
  "GET /profile/cloud-ai-consent": null,
  "GET /profile/photo": "assigned-profile:read",
  "GET /profiles": "profiles:list-minimal",
  "GET /profiles/active": null,
  "GET /settings/ai": null,
  "GET /settings/ai/openrouter/callback": null,
  "GET /settings/ai/openrouter/connect": null,
  "GET /settings/desktop": null,
  "GET /settings/updates": null,
  "GET /sleep-sessions": "assigned-profile:read",
  "GET /summary": "assigned-profile:read",
  "GET /summary/sample": "assigned-profile:read",
  "GET /summary/sample/chart": null,
  "PATCH /care/health-events/sample": "care:write",
  "PATCH /care/items/sample": "care:write",
  "PATCH /observations/sample": "observations:write",
  "POST /auth/local": null,
  "POST /backups/create": null,
  "POST /backups/inspect": null,
  "POST /backups/restore": null,
  "POST /care/health-events": "care:write",
  "POST /care/items": "care:write",
  "POST /care/items/sample/complete": "care:write",
  "POST /companion/migrations": "standalone:migrate",
  "POST /companion/migrations/sample/batches": "standalone:migrate",
  "POST /companion/migrations/sample/complete": "standalone:migrate",
  "POST /import/blood-test": null,
  "POST /import/blood-test/commit": "reports:commit",
  "POST /import/blood-test/preview": "reports:preview",
  "POST /import/body-composition/commit": "reports:commit",
  "POST /import/body-composition/preview": "reports:preview",
  "POST /import/health-connect": "health-connect:import",
  "POST /import/health-connect/sessions": "health-connect:import",
  "POST /import/health-connect/sessions/sample/chunks": "health-connect:import",
  "POST /import/labs/manual": null,
  "POST /import/observations/csv": null,
  "POST /import/observations/manual": "observations:import-manual",
  "POST /import/upload/commit": null,
  "POST /import/upload/preview": null,
  "POST /insights/generate": null,
  "POST /pair/approve/sample": null,
  "POST /pair/deny/sample": null,
  "POST /pair/request": null,
  "POST /pair/revoke-self": "pairing:self-revoke",
  "POST /pair/revoke/sample": null,
  "POST /pairing/approve/sample": null,
  "POST /pairing/deny/sample": null,
  "POST /pairing/request": null,
  "POST /pairing/revoke-self": "pairing:self-revoke",
  "POST /pairing/revoke/sample": null,
  "POST /profile/measurement-types/reset": null,
  "POST /profiles": null,
  "POST /query/ai": null,
  "POST /settings/ai/validate": null,
  "POST /settings/updates/check": null,
  "POST /settings/updates/download": null,
  "POST /settings/updates/restart": null,
  "PUT /profile": null,
  "PUT /profile/cloud-ai-consent": null,
  "PUT /profile/photo": null,
  "PUT /profiles/active": null,
  "PUT /settings/ai": null,
  "PUT /settings/desktop": null,
  "PUT /summary/sample/pin": null,
  "PUT /summary/sample/reference-range": null,
}
`;
